Component: ARM Compiler 5.06 update 7 (build 960) Tool: armlink [4d3601]

==============================================================================

Section Cross References

    main.o(i.ADC1_ReadAll) refers to main.o(.data) for adc_values
    main.o(i.SysTick_Handler) refers to main.o(.data) for SysTick_CNT
    main.o(i.delay_ms) refers to main.o(.data) for SysTick_CNT
    main.o(i.main) refers to _printf_percent.o(.ARM.Collect$$_printf_percent$$00000000) for _printf_percent
    main.o(i.main) refers to _printf_f.o(.ARM.Collect$$_printf_percent$$00000003) for _printf_f
    main.o(i.main) refers to printf1.o(x$fpl$printf1) for _printf_fp_dec
    main.o(i.main) refers to main.o(i.SetRCC_ClockTo72) for SetRCC_ClockTo72
    main.o(i.main) refers to main.o(i.SysTick_Init) for SysTick_Init
    main.o(i.main) refers to main.o(i.ADC1_Init) for ADC1_Init
    main.o(i.main) refers to main.o(i.GPIO_Init) for GPIO_Init
    main.o(i.main) refers to main.o(i.ADC1_ReadAll) for ADC1_ReadAll
    main.o(i.main) refers to fflt_clz.o(x$fpl$ffltu) for __aeabi_ui2f
    main.o(i.main) refers to fmul.o(x$fpl$fmul) for __aeabi_fmul
    main.o(i.main) refers to fdiv.o(x$fpl$fdiv) for __aeabi_fdiv
    main.o(i.main) refers to f2d.o(x$fpl$f2d) for __aeabi_f2d
    main.o(i.main) refers to noretval__2snprintf.o(.text) for __2snprintf
    main.o(i.main) refers to main.o(i.USART1_SendString) for USART1_SendString
    main.o(i.main) refers to main.o(i.delay_ms) for delay_ms
    main.o(i.main) refers to main.o(.data) for adc_values
    main.o(i.main) refers to main.o(.conststring) for .conststring
    main.o(i.main) refers to main.o(.bss) for voltage_str
    startup_stm32f10x_md.o(STACK) refers (Special) to heapauxi.o(.text) for __use_two_region_memory
    startup_stm32f10x_md.o(HEAP) refers (Special) to heapauxi.o(.text) for __use_two_region_memory
    startup_stm32f10x_md.o(RESET) refers (Special) to heapauxi.o(.text) for __use_two_region_memory
    startup_stm32f10x_md.o(RESET) refers to startup_stm32f10x_md.o(STACK) for __initial_sp
    startup_stm32f10x_md.o(RESET) refers to startup_stm32f10x_md.o(.text) for Reset_Handler
    startup_stm32f10x_md.o(RESET) refers to main.o(i.SysTick_Handler) for SysTick_Handler
    startup_stm32f10x_md.o(.text) refers (Special) to heapauxi.o(.text) for __use_two_region_memory
    startup_stm32f10x_md.o(.text) refers to system_stm32f10x.o(i.SystemInit) for SystemInit
    startup_stm32f10x_md.o(.text) refers to __main.o(!!!main) for __main
    startup_stm32f10x_md.o(.text) refers to startup_stm32f10x_md.o(HEAP) for Heap_Mem
    startup_stm32f10x_md.o(.text) refers to startup_stm32f10x_md.o(STACK) for Stack_Mem
    system_stm32f10x.o(i.SystemCoreClockUpdate) refers to system_stm32f10x.o(.data) for SystemCoreClock
    system_stm32f10x.o(i.SystemInit) refers to system_stm32f10x.o(i.SetSysClock) for SetSysClock
    __2snprintf.o(.text) refers to _printf_char_common.o(.text) for _printf_char_common
    __2snprintf.o(.text) refers to _sputc.o(.text) for _sputc
    __2snprintf.o(.text) refers to _snputc.o(.text) for _snputc
    noretval__2snprintf.o(.text) refers to _printf_char_common.o(.text) for _printf_char_common
    noretval__2snprintf.o(.text) refers to _sputc.o(.text) for _sputc
    noretval__2snprintf.o(.text) refers to _snputc.o(.text) for _snputc
    __printf.o(.text) refers to _printf_percent.o(.ARM.Collect$$_printf_percent$$00000000) for _printf_percent
    __printf_flags.o(.text) refers to _printf_percent.o(.ARM.Collect$$_printf_percent$$00000000) for _printf_percent
    __printf_flags.o(.text) refers to __printf_flags.o(.constdata) for .constdata
    __printf_ss.o(.text) refers to _printf_percent.o(.ARM.Collect$$_printf_percent$$00000000) for _printf_percent
    __printf_flags_ss.o(.text) refers to _printf_percent.o(.ARM.Collect$$_printf_percent$$00000000) for _printf_percent
    __printf_flags_ss.o(.text) refers to __printf_flags_ss.o(.constdata) for .constdata
    __printf_wp.o(.text) refers to __printf_wp.o(i._is_digit) for _is_digit
    __printf_wp.o(.text) refers to _printf_percent.o(.ARM.Collect$$_printf_percent$$00000000) for _printf_percent
    __printf_flags_wp.o(.text) refers to __printf_wp.o(i._is_digit) for _is_digit
    __printf_flags_wp.o(.text) refers to _printf_percent.o(.ARM.Collect$$_printf_percent$$00000000) for _printf_percent
    __printf_flags_wp.o(.text) refers to __printf_flags_wp.o(.constdata) for .constdata
    __printf_ss_wp.o(.text) refers to __printf_wp.o(i._is_digit) for _is_digit
    __printf_ss_wp.o(.text) refers to _printf_percent.o(.ARM.Collect$$_printf_percent$$00000000) for _printf_percent
    __printf_flags_ss_wp.o(.text) refers to __printf_wp.o(i._is_digit) for _is_digit
    __printf_flags_ss_wp.o(.text) refers to _printf_percent.o(.ARM.Collect$$_printf_percent$$00000000) for _printf_percent
    __printf_flags_ss_wp.o(.text) refers to __printf_flags_ss_wp.o(.constdata) for .constdata
    _printf_f.o(.ARM.Collect$$_printf_percent$$00000003) refers (Weak) to printf1.o(x$fpl$printf1) for _printf_fp_dec
    _printf_percent.o(.ARM.Collect$$_printf_percent$$00000000) refers (Special) to _printf_percent_end.o(.ARM.Collect$$_printf_percent$$00000017) for _printf_percent_end
    __main.o(!!!main) refers to __rtentry.o(.ARM.Collect$$rtentry$$00000000) for __rt_entry
    f2d.o(x$fpl$f2d) refers (Special) to usenofp.o(x$fpl$usenofp) for __I$use$fp
    f2d.o(x$fpl$f2d) refers to fnaninf.o(x$fpl$fnaninf) for __fpl_fnaninf
    f2d.o(x$fpl$f2d) refers to dretinf.o(x$fpl$dretinf) for __fpl_dretinf
    fdiv.o(x$fpl$frdiv) refers (Special) to usenofp.o(x$fpl$usenofp) for __I$use$fp
    fdiv.o(x$fpl$frdiv) refers to fdiv.o(x$fpl$fdiv) for _fdiv1
    fdiv.o(x$fpl$fdiv) refers (Special) to usenofp.o(x$fpl$usenofp) for __I$use$fp
    fdiv.o(x$fpl$fdiv) refers to fretinf.o(x$fpl$fretinf) for __fpl_fretinf
    fdiv.o(x$fpl$fdiv) refers to fnaninf.o(x$fpl$fnaninf) for __fpl_fnaninf
    fflt_clz.o(x$fpl$ffltu) refers (Special) to usenofp.o(x$fpl$usenofp) for __I$use$fp
    fflt_clz.o(x$fpl$fflt) refers (Special) to usenofp.o(x$fpl$usenofp) for __I$use$fp
    fflt_clz.o(x$fpl$ffltn) refers (Special) to usenofp.o(x$fpl$usenofp) for __I$use$fp
    fmul.o(x$fpl$fmul) refers (Special) to usenofp.o(x$fpl$usenofp) for __I$use$fp
    fmul.o(x$fpl$fmul) refers to fretinf.o(x$fpl$fretinf) for __fpl_fretinf
    fmul.o(x$fpl$fmul) refers to fnaninf.o(x$fpl$fnaninf) for __fpl_fnaninf
    printf1.o(x$fpl$printf1) refers to _printf_fp_dec.o(.text) for _printf_fp_dec_real
    __rtentry.o(.ARM.Collect$$rtentry$$00000000) refers (Special) to __rtentry2.o(.ARM.Collect$$rtentry$$0000000A) for __rt_entry_li
    __rtentry.o(.ARM.Collect$$rtentry$$00000000) refers (Special) to __rtentry2.o(.ARM.Collect$$rtentry$$0000000D) for __rt_entry_main
    __rtentry.o(.ARM.Collect$$rtentry$$00000000) refers (Special) to __rtentry2.o(.ARM.Collect$$rtentry$$0000000C) for __rt_entry_postli_1
    __rtentry.o(.ARM.Collect$$rtentry$$00000000) refers (Special) to __rtentry2.o(.ARM.Collect$$rtentry$$00000009) for __rt_entry_postsh_1
    __rtentry.o(.ARM.Collect$$rtentry$$00000000) refers (Special) to __rtentry2.o(.ARM.Collect$$rtentry$$00000002) for __rt_entry_presh_1
    __rtentry.o(.ARM.Collect$$rtentry$$00000000) refers (Special) to __rtentry4.o(.ARM.Collect$$rtentry$$00000004) for __rt_entry_sh
    _printf_fp_dec.o(.text) refers (Special) to usenofp.o(x$fpl$usenofp) for __I$use$fp
    _printf_fp_dec.o(.text) refers (Special) to lc_numeric_c.o(locale$$code) for _get_lc_numeric
    _printf_fp_dec.o(.text) refers to bigflt0.o(.text) for _btod_etento
    _printf_fp_dec.o(.text) refers to btod.o(CL$$btod_d2e) for _btod_d2e
    _printf_fp_dec.o(.text) refers to btod.o(CL$$btod_ediv) for _btod_ediv
    _printf_fp_dec.o(.text) refers to btod.o(CL$$btod_emul) for _btod_emul
    _printf_fp_dec.o(.text) refers to lludiv10.o(.text) for _ll_udiv10
    _printf_fp_dec.o(.text) refers to fpclassify.o(i.__ARM_fpclassify) for __ARM_fpclassify
    _printf_fp_dec.o(.text) refers to _printf_fp_infnan.o(.text) for _printf_fp_infnan
    _printf_fp_dec.o(.text) refers to rt_locale_intlibspace.o(.text) for __rt_locale
    _printf_char_common.o(.text) refers to __printf_wp.o(.text) for __printf
    dretinf.o(x$fpl$dretinf) refers (Special) to usenofp.o(x$fpl$usenofp) for __I$use$fp
    fnaninf.o(x$fpl$fnaninf) refers (Special) to usenofp.o(x$fpl$usenofp) for __I$use$fp
    fretinf.o(x$fpl$fretinf) refers (Special) to usenofp.o(x$fpl$usenofp) for __I$use$fp
    __rtentry2.o(.ARM.Collect$$rtentry$$00000008) refers to boardinit2.o(.text) for _platform_post_stackheap_init
    __rtentry2.o(.ARM.Collect$$rtentry$$0000000A) refers to libinit.o(.ARM.Collect$$libinit$$00000000) for __rt_lib_init
    __rtentry2.o(.ARM.Collect$$rtentry$$0000000B) refers to boardinit3.o(.text) for _platform_post_lib_init
    __rtentry2.o(.ARM.Collect$$rtentry$$0000000D) refers to main.o(i.main) for main
    __rtentry2.o(.ARM.Collect$$rtentry$$0000000D) refers to exit.o(.text) for exit
    __rtentry2.o(.ARM.exidx) refers to __rtentry2.o(.ARM.Collect$$rtentry$$00000001) for .ARM.Collect$$rtentry$$00000001
    __rtentry2.o(.ARM.exidx) refers to __rtentry2.o(.ARM.Collect$$rtentry$$00000008) for .ARM.Collect$$rtentry$$00000008
    __rtentry2.o(.ARM.exidx) refers to __rtentry2.o(.ARM.Collect$$rtentry$$0000000A) for .ARM.Collect$$rtentry$$0000000A
    __rtentry2.o(.ARM.exidx) refers to __rtentry2.o(.ARM.Collect$$rtentry$$0000000B) for .ARM.Collect$$rtentry$$0000000B
    __rtentry2.o(.ARM.exidx) refers to __rtentry2.o(.ARM.Collect$$rtentry$$0000000D) for .ARM.Collect$$rtentry$$0000000D
    __rtentry4.o(.ARM.Collect$$rtentry$$00000004) refers to sys_stackheap_outer.o(.text) for __user_setup_stackheap
    __rtentry4.o(.ARM.exidx) refers to __rtentry4.o(.ARM.Collect$$rtentry$$00000004) for .ARM.Collect$$rtentry$$00000004
    rt_locale.o(.text) refers to rt_locale.o(.bss) for __rt_locale_data
    rt_locale_intlibspace.o(.text) refers to libspace.o(.bss) for __libspace_start
    bigflt0.o(.text) refers (Special) to usenofp.o(x$fpl$usenofp) for __I$use$fp
    bigflt0.o(.text) refers to btod.o(CL$$btod_emul) for _btod_emul
    bigflt0.o(.text) refers to btod.o(CL$$btod_ediv) for _btod_ediv
    bigflt0.o(.text) refers to bigflt0.o(.constdata) for .constdata
    bigflt0.o(.constdata) refers (Special) to usenofp.o(x$fpl$usenofp) for __I$use$fp
    btod.o(CL$$btod_d2e) refers (Special) to usenofp.o(x$fpl$usenofp) for __I$use$fp
    btod.o(CL$$btod_d2e) refers to btod.o(CL$$btod_d2e_norm_op1) for _d2e_norm_op1
    btod.o(CL$$btod_d2e_norm_op1) refers (Special) to usenofp.o(x$fpl$usenofp) for __I$use$fp
    btod.o(CL$$btod_d2e_norm_op1) refers to btod.o(CL$$btod_d2e_denorm_low) for _d2e_denorm_low
    btod.o(CL$$btod_d2e_denorm_low) refers (Special) to usenofp.o(x$fpl$usenofp) for __I$use$fp
    btod.o(CL$$btod_emul) refers (Special) to usenofp.o(x$fpl$usenofp) for __I$use$fp
    btod.o(CL$$btod_emul) refers to btod.o(CL$$btod_mult_common) for __btod_mult_common
    btod.o(CL$$btod_emul) refers to btod.o(CL$$btod_e2e) for _e2e
    btod.o(CL$$btod_ediv) refers (Special) to usenofp.o(x$fpl$usenofp) for __I$use$fp
    btod.o(CL$$btod_ediv) refers to btod.o(CL$$btod_div_common) for __btod_div_common
    btod.o(CL$$btod_ediv) refers to btod.o(CL$$btod_e2e) for _e2e
    btod.o(CL$$btod_emuld) refers (Special) to usenofp.o(x$fpl$usenofp) for __I$use$fp
    btod.o(CL$$btod_emuld) refers to btod.o(CL$$btod_mult_common) for __btod_mult_common
    btod.o(CL$$btod_emuld) refers to btod.o(CL$$btod_e2d) for _e2d
    btod.o(CL$$btod_edivd) refers (Special) to usenofp.o(x$fpl$usenofp) for __I$use$fp
    btod.o(CL$$btod_edivd) refers to btod.o(CL$$btod_div_common) for __btod_div_common
    btod.o(CL$$btod_edivd) refers to btod.o(CL$$btod_e2d) for _e2d
    btod.o(CL$$btod_e2e) refers (Special) to usenofp.o(x$fpl$usenofp) for __I$use$fp
    btod.o(CL$$btod_e2d) refers (Special) to usenofp.o(x$fpl$usenofp) for __I$use$fp
    btod.o(CL$$btod_e2d) refers to btod.o(CL$$btod_e2e) for _e2e
    btod.o(CL$$btod_mult_common) refers (Special) to usenofp.o(x$fpl$usenofp) for __I$use$fp
    btod.o(CL$$btod_div_common) refers (Special) to usenofp.o(x$fpl$usenofp) for __I$use$fp
    lc_numeric_c.o(locale$$data) refers (Special) to libinit2.o(.ARM.Collect$$libinit$$00000016) for __rt_lib_init_lc_numeric_2
    lc_numeric_c.o(locale$$code) refers (Special) to libinit2.o(.ARM.Collect$$libinit$$00000016) for __rt_lib_init_lc_numeric_2
    lc_numeric_c.o(locale$$code) refers to strcmpv7m.o(.text) for strcmp
    lc_numeric_c.o(locale$$code) refers to lc_numeric_c.o(locale$$data) for __lcnum_c_name
    istatus.o(x$fpl$ieeestatus) refers (Special) to usenofp.o(x$fpl$usenofp) for __I$use$fp
    fpclassify.o(i.__ARM_fpclassify) refers (Special) to usenofp.o(x$fpl$usenofp) for __I$use$fp
    libspace.o(.text) refers to libspace.o(.bss) for __libspace_start
    sys_stackheap_outer.o(.text) refers to libspace.o(.text) for __user_perproc_libspace
    sys_stackheap_outer.o(.text) refers to startup_stm32f10x_md.o(.text) for __user_initial_stackheap
    exit.o(.text) refers to rtexit.o(.ARM.Collect$$rtexit$$00000000) for __rt_exit
    libinit.o(.ARM.Collect$$libinit$$00000000) refers (Special) to libinit2.o(.ARM.Collect$$libinit$$0000002E) for __rt_lib_init_alloca_1
    libinit.o(.ARM.Collect$$libinit$$00000000) refers (Special) to libinit2.o(.ARM.Collect$$libinit$$0000002C) for __rt_lib_init_argv_1
    libinit.o(.ARM.Collect$$libinit$$00000000) refers (Special) to libinit2.o(.ARM.Collect$$libinit$$0000001B) for __rt_lib_init_atexit_1
    libinit.o(.ARM.Collect$$libinit$$00000000) refers (Special) to libinit2.o(.ARM.Collect$$libinit$$00000021) for __rt_lib_init_clock_1
    libinit.o(.ARM.Collect$$libinit$$00000000) refers (Special) to libinit2.o(.ARM.Collect$$libinit$$00000032) for __rt_lib_init_cpp_1
    libinit.o(.ARM.Collect$$libinit$$00000000) refers (Special) to libinit2.o(.ARM.Collect$$libinit$$00000030) for __rt_lib_init_exceptions_1
    libinit.o(.ARM.Collect$$libinit$$00000000) refers (Special) to libinit2.o(.ARM.Collect$$libinit$$00000002) for __rt_lib_init_fp_1
    libinit.o(.ARM.Collect$$libinit$$00000000) refers (Special) to libinit2.o(.ARM.Collect$$libinit$$0000001F) for __rt_lib_init_fp_trap_1
    libinit.o(.ARM.Collect$$libinit$$00000000) refers (Special) to libinit2.o(.ARM.Collect$$libinit$$00000023) for __rt_lib_init_getenv_1
    libinit.o(.ARM.Collect$$libinit$$00000000) refers (Special) to libinit2.o(.ARM.Collect$$libinit$$0000000A) for __rt_lib_init_heap_1
    libinit.o(.ARM.Collect$$libinit$$00000000) refers (Special) to libinit2.o(.ARM.Collect$$libinit$$00000011) for __rt_lib_init_lc_collate_1
    libinit.o(.ARM.Collect$$libinit$$00000000) refers (Special) to libinit2.o(.ARM.Collect$$libinit$$00000013) for __rt_lib_init_lc_ctype_1
    libinit.o(.ARM.Collect$$libinit$$00000000) refers (Special) to libinit2.o(.ARM.Collect$$libinit$$00000015) for __rt_lib_init_lc_monetary_1
    libinit.o(.ARM.Collect$$libinit$$00000000) refers (Special) to libinit2.o(.ARM.Collect$$libinit$$00000017) for __rt_lib_init_lc_numeric_1
    libinit.o(.ARM.Collect$$libinit$$00000000) refers (Special) to libinit2.o(.ARM.Collect$$libinit$$00000019) for __rt_lib_init_lc_time_1
    libinit.o(.ARM.Collect$$libinit$$00000000) refers (Special) to libinit2.o(.ARM.Collect$$libinit$$00000004) for __rt_lib_init_preinit_1
    libinit.o(.ARM.Collect$$libinit$$00000000) refers (Special) to libinit2.o(.ARM.Collect$$libinit$$0000000E) for __rt_lib_init_rand_1
    libinit.o(.ARM.Collect$$libinit$$00000000) refers (Special) to libinit2.o(.ARM.Collect$$libinit$$00000033) for __rt_lib_init_return
    libinit.o(.ARM.Collect$$libinit$$00000000) refers (Special) to libinit2.o(.ARM.Collect$$libinit$$0000001D) for __rt_lib_init_signal_1
    libinit.o(.ARM.Collect$$libinit$$00000000) refers (Special) to libinit2.o(.ARM.Collect$$libinit$$00000025) for __rt_lib_init_stdio_1
    libinit.o(.ARM.Collect$$libinit$$00000000) refers (Special) to libinit2.o(.ARM.Collect$$libinit$$0000000C) for __rt_lib_init_user_alloc_1
    libinit2.o(.ARM.Collect$$libinit$$0000000F) refers (Weak) to rt_locale_intlibspace.o(.text) for __rt_locale
    libinit2.o(.ARM.Collect$$libinit$$00000010) refers to libinit2.o(.ARM.Collect$$libinit$$0000000F) for .ARM.Collect$$libinit$$0000000F
    libinit2.o(.ARM.Collect$$libinit$$00000012) refers to libinit2.o(.ARM.Collect$$libinit$$0000000F) for .ARM.Collect$$libinit$$0000000F
    libinit2.o(.ARM.Collect$$libinit$$00000014) refers to libinit2.o(.ARM.Collect$$libinit$$0000000F) for .ARM.Collect$$libinit$$0000000F
    libinit2.o(.ARM.Collect$$libinit$$00000016) refers to libinit2.o(.ARM.Collect$$libinit$$0000000F) for .ARM.Collect$$libinit$$0000000F
    libinit2.o(.ARM.Collect$$libinit$$00000016) refers (Weak) to lc_numeric_c.o(locale$$code) for _get_lc_numeric
    libinit2.o(.ARM.Collect$$libinit$$00000018) refers to libinit2.o(.ARM.Collect$$libinit$$0000000F) for .ARM.Collect$$libinit$$0000000F
    libinit2.o(.ARM.Collect$$libinit$$00000026) refers to argv_veneer.o(.emb_text) for __ARM_argv_veneer
    libinit2.o(.ARM.Collect$$libinit$$00000027) refers to argv_veneer.o(.emb_text) for __ARM_argv_veneer
    rtexit.o(.ARM.Collect$$rtexit$$00000000) refers (Special) to rtexit2.o(.ARM.Collect$$rtexit$$00000004) for __rt_exit_exit
    rtexit.o(.ARM.Collect$$rtexit$$00000000) refers (Special) to rtexit2.o(.ARM.Collect$$rtexit$$00000003) for __rt_exit_ls
    rtexit.o(.ARM.Collect$$rtexit$$00000000) refers (Special) to rtexit2.o(.ARM.Collect$$rtexit$$00000002) for __rt_exit_prels_1
    rtexit.o(.ARM.exidx) refers (Special) to rtexit2.o(.ARM.Collect$$rtexit$$00000004) for __rt_exit_exit
    rtexit.o(.ARM.exidx) refers (Special) to rtexit2.o(.ARM.Collect$$rtexit$$00000003) for __rt_exit_ls
    rtexit.o(.ARM.exidx) refers (Special) to rtexit2.o(.ARM.Collect$$rtexit$$00000002) for __rt_exit_prels_1
    rtexit.o(.ARM.exidx) refers to rtexit.o(.ARM.Collect$$rtexit$$00000000) for .ARM.Collect$$rtexit$$00000000
    argv_veneer.o(.emb_text) refers to no_argv.o(.text) for __ARM_get_argv
    rtexit2.o(.ARM.Collect$$rtexit$$00000003) refers to libshutdown.o(.ARM.Collect$$libshutdown$$00000000) for __rt_lib_shutdown
    rtexit2.o(.ARM.Collect$$rtexit$$00000004) refers to sys_exit.o(.text) for _sys_exit
    rtexit2.o(.ARM.exidx) refers to rtexit2.o(.ARM.Collect$$rtexit$$00000001) for .ARM.Collect$$rtexit$$00000001
    rtexit2.o(.ARM.exidx) refers to rtexit2.o(.ARM.Collect$$rtexit$$00000003) for .ARM.Collect$$rtexit$$00000003
    rtexit2.o(.ARM.exidx) refers to rtexit2.o(.ARM.Collect$$rtexit$$00000004) for .ARM.Collect$$rtexit$$00000004
    _get_argv_nomalloc.o(.text) refers (Special) to hrguard.o(.text) for __heap_region$guard
    _get_argv_nomalloc.o(.text) refers to defsig_rtmem_outer.o(.text) for __rt_SIGRTMEM
    _get_argv_nomalloc.o(.text) refers to sys_command.o(.text) for _sys_command_string
    sys_command.o(.text) refers (Special) to use_no_semi.o(.text) for __I$use$semihosting
    sys_command.o(.text) refers (Special) to indicate_semi.o(.text) for __semihosting_library_function
    sys_exit.o(.text) refers (Special) to use_no_semi.o(.text) for __I$use$semihosting
    sys_exit.o(.text) refers (Special) to indicate_semi.o(.text) for __semihosting_library_function
    defsig_rtmem_outer.o(.text) refers to defsig_rtmem_inner.o(.text) for __rt_SIGRTMEM_inner
    defsig_rtmem_outer.o(.text) refers to defsig_exit.o(.text) for __sig_exit
    defsig_rtmem_formal.o(.text) refers to rt_raise.o(.text) for __rt_raise
    libshutdown.o(.ARM.Collect$$libshutdown$$00000000) refers (Special) to libshutdown2.o(.ARM.Collect$$libshutdown$$00000004) for __rt_lib_shutdown_cpp_1
    libshutdown.o(.ARM.Collect$$libshutdown$$00000000) refers (Special) to libshutdown2.o(.ARM.Collect$$libshutdown$$00000002) for __rt_lib_shutdown_fini_1
    libshutdown.o(.ARM.Collect$$libshutdown$$00000000) refers (Special) to libshutdown2.o(.ARM.Collect$$libshutdown$$00000009) for __rt_lib_shutdown_fp_trap_1
    libshutdown.o(.ARM.Collect$$libshutdown$$00000000) refers (Special) to libshutdown2.o(.ARM.Collect$$libshutdown$$00000011) for __rt_lib_shutdown_heap_1
    libshutdown.o(.ARM.Collect$$libshutdown$$00000000) refers (Special) to libshutdown2.o(.ARM.Collect$$libshutdown$$00000012) for __rt_lib_shutdown_return
    libshutdown.o(.ARM.Collect$$libshutdown$$00000000) refers (Special) to libshutdown2.o(.ARM.Collect$$libshutdown$$0000000C) for __rt_lib_shutdown_signal_1
    libshutdown.o(.ARM.Collect$$libshutdown$$00000000) refers (Special) to libshutdown2.o(.ARM.Collect$$libshutdown$$00000006) for __rt_lib_shutdown_stdio_1
    libshutdown.o(.ARM.Collect$$libshutdown$$00000000) refers (Special) to libshutdown2.o(.ARM.Collect$$libshutdown$$0000000E) for __rt_lib_shutdown_user_alloc_1
    rt_raise.o(.text) refers to __raise.o(.text) for __raise
    rt_raise.o(.text) refers to sys_exit.o(.text) for _sys_exit
    defsig_exit.o(.text) refers to sys_exit.o(.text) for _sys_exit
    defsig_rtmem_inner.o(.text) refers to defsig_general.o(.text) for __default_signal_display
    __raise.o(.text) refers to defsig.o(CL$$defsig) for __default_signal_handler
    defsig_general.o(.text) refers to sys_wrch.o(.text) for _ttywrch
    sys_wrch.o(.text) refers (Special) to use_no_semi.o(.text) for __I$use$semihosting
    sys_wrch.o(.text) refers (Special) to indicate_semi.o(.text) for __semihosting_library_function
    defsig.o(CL$$defsig) refers to defsig_rtmem_inner.o(.text) for __rt_SIGRTMEM_inner
    defsig_abrt_inner.o(.text) refers to defsig_general.o(.text) for __default_signal_display
    defsig_fpe_inner.o(.text) refers to defsig_general.o(.text) for __default_signal_display
    defsig_rtred_inner.o(.text) refers to defsig_general.o(.text) for __default_signal_display
    defsig_stak_inner.o(.text) refers to defsig_general.o(.text) for __default_signal_display
    defsig_pvfn_inner.o(.text) refers to defsig_general.o(.text) for __default_signal_display
    defsig_cppl_inner.o(.text) refers to defsig_general.o(.text) for __default_signal_display
    defsig_segv_inner.o(.text) refers to defsig_general.o(.text) for __default_signal_display
    defsig_other.o(.text) refers to defsig_general.o(.text) for __default_signal_display


==============================================================================

Removing Unused input sections from the image.

    Removing main.o(.rev16_text), (4 bytes).
    Removing main.o(.revsh_text), (4 bytes).
    Removing main.o(.rrx_text), (6 bytes).
    Removing system_stm32f10x.o(.rev16_text), (4 bytes).
    Removing system_stm32f10x.o(.revsh_text), (4 bytes).
    Removing system_stm32f10x.o(.rrx_text), (6 bytes).
    Removing system_stm32f10x.o(i.SystemCoreClockUpdate), (164 bytes).
    Removing system_stm32f10x.o(.data), (20 bytes).

8 unused section(s) (total 212 bytes) removed from the image.

==============================================================================

Image Symbol Table

    Local Symbols

    Symbol Name                              Value     Ov Type        Size  Object(Section)

    ../clib/angel/boardlib.s                 0x00000000   Number         0  boardinit2.o ABSOLUTE
    ../clib/angel/boardlib.s                 0x00000000   Number         0  boardinit3.o ABSOLUTE
    ../clib/angel/boardlib.s                 0x00000000   Number         0  boardinit1.o ABSOLUTE
    ../clib/angel/boardlib.s                 0x00000000   Number         0  boardshut.o ABSOLUTE
    ../clib/angel/handlers.s                 0x00000000   Number         0  __scatter_zi.o ABSOLUTE
    ../clib/angel/handlers.s                 0x00000000   Number         0  __scatter_copy.o ABSOLUTE
    ../clib/angel/kernel.s                   0x00000000   Number         0  rtexit2.o ABSOLUTE
    ../clib/angel/kernel.s                   0x00000000   Number         0  __rtentry4.o ABSOLUTE
    ../clib/angel/kernel.s                   0x00000000   Number         0  __rtentry.o ABSOLUTE
    ../clib/angel/kernel.s                   0x00000000   Number         0  rtexit.o ABSOLUTE
    ../clib/angel/kernel.s                   0x00000000   Number         0  __rtentry2.o ABSOLUTE
    ../clib/angel/rt.s                       0x00000000   Number         0  rt_locale.o ABSOLUTE
    ../clib/angel/rt.s                       0x00000000   Number         0  rt_locale_intlibspace.o ABSOLUTE
    ../clib/angel/rt.s                       0x00000000   Number         0  rt_raise.o ABSOLUTE
    ../clib/angel/scatter.s                  0x00000000   Number         0  __scatter.o ABSOLUTE
    ../clib/angel/startup.s                  0x00000000   Number         0  __main.o ABSOLUTE
    ../clib/angel/sys.s                      0x00000000   Number         0  sys_stackheap_outer.o ABSOLUTE
    ../clib/angel/sys.s                      0x00000000   Number         0  libspace.o ABSOLUTE
    ../clib/angel/sys.s                      0x00000000   Number         0  use_no_semi.o ABSOLUTE
    ../clib/angel/sys.s                      0x00000000   Number         0  indicate_semi.o ABSOLUTE
    ../clib/angel/sysapp.c                   0x00000000   Number         0  sys_command.o ABSOLUTE
    ../clib/angel/sysapp.c                   0x00000000   Number         0  sys_exit.o ABSOLUTE
    ../clib/angel/sysapp.c                   0x00000000   Number         0  sys_wrch.o ABSOLUTE
    ../clib/armsys.c                         0x00000000   Number         0  _get_argv_nomalloc.o ABSOLUTE
    ../clib/armsys.c                         0x00000000   Number         0  no_argv.o ABSOLUTE
    ../clib/armsys.c                         0x00000000   Number         0  argv_veneer.o ABSOLUTE
    ../clib/armsys.c                         0x00000000   Number         0  argv_veneer.o ABSOLUTE
    ../clib/bigflt.c                         0x00000000   Number         0  bigflt0.o ABSOLUTE
    ../clib/btod.s                           0x00000000   Number         0  btod.o ABSOLUTE
    ../clib/heapalloc.c                      0x00000000   Number         0  hrguard.o ABSOLUTE
    ../clib/heapaux.c                        0x00000000   Number         0  heapauxi.o ABSOLUTE
    ../clib/libinit.s                        0x00000000   Number         0  libshutdown2.o ABSOLUTE
    ../clib/libinit.s                        0x00000000   Number         0  libinit2.o ABSOLUTE
    ../clib/libinit.s                        0x00000000   Number         0  libinit.o ABSOLUTE
    ../clib/libinit.s                        0x00000000   Number         0  libshutdown.o ABSOLUTE
    ../clib/locale.s                         0x00000000   Number         0  lc_numeric_c.o ABSOLUTE
    ../clib/longlong.s                       0x00000000   Number         0  lludiv10.o ABSOLUTE
    ../clib/memcpset.s                       0x00000000   Number         0  strcmpv7m.o ABSOLUTE
    ../clib/misc.s                           0x00000000   Number         0  printf_stubs.o ABSOLUTE
    ../clib/printf.c                         0x00000000   Number         0  _printf_fp_infnan.o ABSOLUTE
    ../clib/printf.c                         0x00000000   Number         0  __printf_nopercent.o ABSOLUTE
    ../clib/printf.c                         0x00000000   Number         0  noretval__2snprintf.o ABSOLUTE
    ../clib/printf.c                         0x00000000   Number         0  __printf.o ABSOLUTE
    ../clib/printf.c                         0x00000000   Number         0  __printf_flags_ss_wp.o ABSOLUTE
    ../clib/printf.c                         0x00000000   Number         0  __printf_flags.o ABSOLUTE
    ../clib/printf.c                         0x00000000   Number         0  __printf_ss.o ABSOLUTE
    ../clib/printf.c                         0x00000000   Number         0  __printf_wp.o ABSOLUTE
    ../clib/printf.c                         0x00000000   Number         0  __printf_ss_wp.o ABSOLUTE
    ../clib/printf.c                         0x00000000   Number         0  _snputc.o ABSOLUTE
    ../clib/printf.c                         0x00000000   Number         0  _sputc.o ABSOLUTE
    ../clib/printf.c                         0x00000000   Number         0  __printf_flags_wp.o ABSOLUTE
    ../clib/printf.c                         0x00000000   Number         0  _printf_fp_dec.o ABSOLUTE
    ../clib/printf.c                         0x00000000   Number         0  _printf_char_common.o ABSOLUTE
    ../clib/printf.c                         0x00000000   Number         0  __printf_flags_ss.o ABSOLUTE
    ../clib/printf.c                         0x00000000   Number         0  __2snprintf.o ABSOLUTE
    ../clib/printf_percent.s                 0x00000000   Number         0  _printf_percent_end.o ABSOLUTE
    ../clib/printf_percent.s                 0x00000000   Number         0  _printf_percent.o ABSOLUTE
    ../clib/printf_percent.s                 0x00000000   Number         0  _printf_f.o ABSOLUTE
    ../clib/signal.c                         0x00000000   Number         0  defsig_general.o ABSOLUTE
    ../clib/signal.c                         0x00000000   Number         0  __raise.o ABSOLUTE
    ../clib/signal.c                         0x00000000   Number         0  defsig_exit.o ABSOLUTE
    ../clib/signal.c                         0x00000000   Number         0  defsig_rtred_inner.o ABSOLUTE
    ../clib/signal.c                         0x00000000   Number         0  defsig_fpe_inner.o ABSOLUTE
    ../clib/signal.c                         0x00000000   Number         0  defsig_abrt_inner.o ABSOLUTE
    ../clib/signal.c                         0x00000000   Number         0  defsig_rtmem_formal.o ABSOLUTE
    ../clib/signal.c                         0x00000000   Number         0  defsig_rtmem_outer.o ABSOLUTE
    ../clib/signal.c                         0x00000000   Number         0  defsig_stak_inner.o ABSOLUTE
    ../clib/signal.c                         0x00000000   Number         0  defsig_pvfn_inner.o ABSOLUTE
    ../clib/signal.c                         0x00000000   Number         0  defsig_cppl_inner.o ABSOLUTE
    ../clib/signal.c                         0x00000000   Number         0  defsig_segv_inner.o ABSOLUTE
    ../clib/signal.c                         0x00000000   Number         0  defsig_other.o ABSOLUTE
    ../clib/signal.c                         0x00000000   Number         0  defsig_rtmem_inner.o ABSOLUTE
    ../clib/signal.s                         0x00000000   Number         0  defsig.o ABSOLUTE
    ../clib/stdlib.c                         0x00000000   Number         0  exit.o ABSOLUTE
    ../fplib/dretinf.s                       0x00000000   Number         0  dretinf.o ABSOLUTE
    ../fplib/f2d.s                           0x00000000   Number         0  f2d.o ABSOLUTE
    ../fplib/fdiv.s                          0x00000000   Number         0  fdiv.o ABSOLUTE
    ../fplib/fflt.s                          0x00000000   Number         0  fflt_clz.o ABSOLUTE
    ../fplib/fmul.s                          0x00000000   Number         0  fmul.o ABSOLUTE
    ../fplib/fnaninf.s                       0x00000000   Number         0  fnaninf.o ABSOLUTE
    ../fplib/fpinit.s                        0x00000000   Number         0  fpinit.o ABSOLUTE
    ../fplib/fretinf.s                       0x00000000   Number         0  fretinf.o ABSOLUTE
    ../fplib/istatus.s                       0x00000000   Number         0  istatus.o ABSOLUTE
    ../fplib/printf1.s                       0x00000000   Number         0  printf1.o ABSOLUTE
    ../fplib/usenofp.s                       0x00000000   Number         0  usenofp.o ABSOLUTE
    ../mathlib/fpclassify.c                  0x00000000   Number         0  fpclassify.o ABSOLUTE
    RTE\Device\STM32F103C8\startup_stm32f10x_md.s 0x00000000   Number         0  startup_stm32f10x_md.o ABSOLUTE
    RTE\Device\STM32F103C8\system_stm32f10x.c 0x00000000   Number         0  system_stm32f10x.o ABSOLUTE
    RTE\\Device\\STM32F103C8\\system_stm32f10x.c 0x00000000   Number         0  system_stm32f10x.o ABSOLUTE
    dc.s                                     0x00000000   Number         0  dc.o ABSOLUTE
    user\\src\\main.c                        0x00000000   Number         0  main.o ABSOLUTE
    user\src\main.c                          0x00000000   Number         0  main.o ABSOLUTE
    RESET                                    0x08000000   Section      236  startup_stm32f10x_md.o(RESET)
    !!!main                                  0x080000ec   Section        8  __main.o(!!!main)
    !!!scatter                               0x080000f4   Section       52  __scatter.o(!!!scatter)
    !!handler_copy                           0x08000128   Section       26  __scatter_copy.o(!!handler_copy)
    !!handler_zi                             0x08000144   Section       28  __scatter_zi.o(!!handler_zi)
    .ARM.Collect$$_printf_percent$$00000000  0x08000160   Section        0  _printf_percent.o(.ARM.Collect$$_printf_percent$$00000000)
    .ARM.Collect$$_printf_percent$$00000003  0x08000160   Section        6  _printf_f.o(.ARM.Collect$$_printf_percent$$00000003)
    .ARM.Collect$$_printf_percent$$00000017  0x08000166   Section        4  _printf_percent_end.o(.ARM.Collect$$_printf_percent$$00000017)
    .ARM.Collect$$libinit$$00000000          0x0800016a   Section        2  libinit.o(.ARM.Collect$$libinit$$00000000)
    .ARM.Collect$$libinit$$00000002          0x0800016c   Section        0  libinit2.o(.ARM.Collect$$libinit$$00000002)
    .ARM.Collect$$libinit$$00000004          0x0800016c   Section        0  libinit2.o(.ARM.Collect$$libinit$$00000004)
    .ARM.Collect$$libinit$$0000000A          0x0800016c   Section        0  libinit2.o(.ARM.Collect$$libinit$$0000000A)
    .ARM.Collect$$libinit$$0000000C          0x0800016c   Section        0  libinit2.o(.ARM.Collect$$libinit$$0000000C)
    .ARM.Collect$$libinit$$0000000E          0x0800016c   Section        0  libinit2.o(.ARM.Collect$$libinit$$0000000E)
    .ARM.Collect$$libinit$$0000000F          0x0800016c   Section        6  libinit2.o(.ARM.Collect$$libinit$$0000000F)
    .ARM.Collect$$libinit$$00000011          0x08000172   Section        0  libinit2.o(.ARM.Collect$$libinit$$00000011)
    .ARM.Collect$$libinit$$00000013          0x08000172   Section        0  libinit2.o(.ARM.Collect$$libinit$$00000013)
    .ARM.Collect$$libinit$$00000015          0x08000172   Section        0  libinit2.o(.ARM.Collect$$libinit$$00000015)
    .ARM.Collect$$libinit$$00000016          0x08000172   Section       10  libinit2.o(.ARM.Collect$$libinit$$00000016)
    .ARM.Collect$$libinit$$00000017          0x0800017c   Section        0  libinit2.o(.ARM.Collect$$libinit$$00000017)
    .ARM.Collect$$libinit$$00000019          0x0800017c   Section        0  libinit2.o(.ARM.Collect$$libinit$$00000019)
    .ARM.Collect$$libinit$$0000001B          0x0800017c   Section        0  libinit2.o(.ARM.Collect$$libinit$$0000001B)
    .ARM.Collect$$libinit$$0000001D          0x0800017c   Section        0  libinit2.o(.ARM.Collect$$libinit$$0000001D)
    .ARM.Collect$$libinit$$0000001F          0x0800017c   Section        0  libinit2.o(.ARM.Collect$$libinit$$0000001F)
    .ARM.Collect$$libinit$$00000021          0x0800017c   Section        0  libinit2.o(.ARM.Collect$$libinit$$00000021)
    .ARM.Collect$$libinit$$00000023          0x0800017c   Section        0  libinit2.o(.ARM.Collect$$libinit$$00000023)
    .ARM.Collect$$libinit$$00000025          0x0800017c   Section        0  libinit2.o(.ARM.Collect$$libinit$$00000025)
    .ARM.Collect$$libinit$$0000002C          0x0800017c   Section        0  libinit2.o(.ARM.Collect$$libinit$$0000002C)
    .ARM.Collect$$libinit$$0000002E          0x0800017c   Section        0  libinit2.o(.ARM.Collect$$libinit$$0000002E)
    .ARM.Collect$$libinit$$00000030          0x0800017c   Section        0  libinit2.o(.ARM.Collect$$libinit$$00000030)
    .ARM.Collect$$libinit$$00000032          0x0800017c   Section        0  libinit2.o(.ARM.Collect$$libinit$$00000032)
    .ARM.Collect$$libinit$$00000033          0x0800017c   Section        2  libinit2.o(.ARM.Collect$$libinit$$00000033)
    .ARM.Collect$$libshutdown$$00000000      0x0800017e   Section        2  libshutdown.o(.ARM.Collect$$libshutdown$$00000000)
    .ARM.Collect$$libshutdown$$00000002      0x08000180   Section        0  libshutdown2.o(.ARM.Collect$$libshutdown$$00000002)
    .ARM.Collect$$libshutdown$$00000004      0x08000180   Section        0  libshutdown2.o(.ARM.Collect$$libshutdown$$00000004)
    .ARM.Collect$$libshutdown$$00000006      0x08000180   Section        0  libshutdown2.o(.ARM.Collect$$libshutdown$$00000006)
    .ARM.Collect$$libshutdown$$00000009      0x08000180   Section        0  libshutdown2.o(.ARM.Collect$$libshutdown$$00000009)
    .ARM.Collect$$libshutdown$$0000000C      0x08000180   Section        0  libshutdown2.o(.ARM.Collect$$libshutdown$$0000000C)
    .ARM.Collect$$libshutdown$$0000000E      0x08000180   Section        0  libshutdown2.o(.ARM.Collect$$libshutdown$$0000000E)
    .ARM.Collect$$libshutdown$$00000011      0x08000180   Section        0  libshutdown2.o(.ARM.Collect$$libshutdown$$00000011)
    .ARM.Collect$$libshutdown$$00000012      0x08000180   Section        2  libshutdown2.o(.ARM.Collect$$libshutdown$$00000012)
    .ARM.Collect$$rtentry$$00000000          0x08000182   Section        0  __rtentry.o(.ARM.Collect$$rtentry$$00000000)
    .ARM.Collect$$rtentry$$00000002          0x08000182   Section        0  __rtentry2.o(.ARM.Collect$$rtentry$$00000002)
    .ARM.Collect$$rtentry$$00000004          0x08000182   Section        6  __rtentry4.o(.ARM.Collect$$rtentry$$00000004)
    .ARM.Collect$$rtentry$$00000009          0x08000188   Section        0  __rtentry2.o(.ARM.Collect$$rtentry$$00000009)
    .ARM.Collect$$rtentry$$0000000A          0x08000188   Section        4  __rtentry2.o(.ARM.Collect$$rtentry$$0000000A)
    .ARM.Collect$$rtentry$$0000000C          0x0800018c   Section        0  __rtentry2.o(.ARM.Collect$$rtentry$$0000000C)
    .ARM.Collect$$rtentry$$0000000D          0x0800018c   Section        8  __rtentry2.o(.ARM.Collect$$rtentry$$0000000D)
    .ARM.Collect$$rtexit$$00000000           0x08000194   Section        2  rtexit.o(.ARM.Collect$$rtexit$$00000000)
    .ARM.Collect$$rtexit$$00000002           0x08000196   Section        0  rtexit2.o(.ARM.Collect$$rtexit$$00000002)
    .ARM.Collect$$rtexit$$00000003           0x08000196   Section        4  rtexit2.o(.ARM.Collect$$rtexit$$00000003)
    .ARM.Collect$$rtexit$$00000004           0x0800019a   Section        6  rtexit2.o(.ARM.Collect$$rtexit$$00000004)
    .text                                    0x080001a0   Section       64  startup_stm32f10x_md.o(.text)
    .text                                    0x080001e0   Section        0  noretval__2snprintf.o(.text)
    .text                                    0x08000214   Section        0  __printf_wp.o(.text)
    .text                                    0x08000322   Section        0  heapauxi.o(.text)
    .text                                    0x08000328   Section        0  _printf_fp_dec.o(.text)
    _fp_digits                               0x0800032b   Thumb Code   432  _printf_fp_dec.o(.text)
    .text                                    0x08000748   Section        0  _printf_char_common.o(.text)
    _printf_input_char                       0x08000749   Thumb Code    10  _printf_char_common.o(.text)
    .text                                    0x08000778   Section        0  _sputc.o(.text)
    .text                                    0x08000782   Section        0  _snputc.o(.text)
    .text                                    0x08000794   Section        8  rt_locale_intlibspace.o(.text)
    .text                                    0x0800079c   Section      138  lludiv10.o(.text)
    .text                                    0x08000828   Section        0  _printf_fp_infnan.o(.text)
    .text                                    0x080008a8   Section        0  bigflt0.o(.text)
    .text                                    0x0800098c   Section        8  libspace.o(.text)
    .text                                    0x08000994   Section       74  sys_stackheap_outer.o(.text)
    .text                                    0x080009de   Section        0  exit.o(.text)
    .text                                    0x080009f0   Section      128  strcmpv7m.o(.text)
    .text                                    0x08000a70   Section        0  sys_exit.o(.text)
    .text                                    0x08000a7c   Section        2  use_no_semi.o(.text)
    .text                                    0x08000a7e   Section        0  indicate_semi.o(.text)
    CL$$btod_d2e                             0x08000a7e   Section       62  btod.o(CL$$btod_d2e)
    CL$$btod_d2e_denorm_low                  0x08000abc   Section       70  btod.o(CL$$btod_d2e_denorm_low)
    CL$$btod_d2e_norm_op1                    0x08000b02   Section       96  btod.o(CL$$btod_d2e_norm_op1)
    CL$$btod_div_common                      0x08000b62   Section      824  btod.o(CL$$btod_div_common)
    CL$$btod_e2e                             0x08000e9a   Section      220  btod.o(CL$$btod_e2e)
    CL$$btod_ediv                            0x08000f76   Section       42  btod.o(CL$$btod_ediv)
    CL$$btod_emul                            0x08000fa0   Section       42  btod.o(CL$$btod_emul)
    CL$$btod_mult_common                     0x08000fca   Section      580  btod.o(CL$$btod_mult_common)
    i.ADC1_Init                              0x08001210   Section        0  main.o(i.ADC1_Init)
    i.ADC1_ReadAll                           0x0800125c   Section        0  main.o(i.ADC1_ReadAll)
    i.GPIO_Init                              0x080012ac   Section        0  main.o(i.GPIO_Init)
    i.SetRCC_ClockTo72                       0x0800136c   Section        0  main.o(i.SetRCC_ClockTo72)
    i.SetSysClock                            0x08001440   Section        0  system_stm32f10x.o(i.SetSysClock)
    SetSysClock                              0x08001441   Thumb Code     2  system_stm32f10x.o(i.SetSysClock)
    i.SysTick_Handler                        0x08001444   Section        0  main.o(i.SysTick_Handler)
    i.SysTick_Init                           0x0800145c   Section        0  main.o(i.SysTick_Init)
    i.SystemInit                             0x0800148c   Section        0  system_stm32f10x.o(i.SystemInit)
    i.USART1_SendString                      0x080014ec   Section        0  main.o(i.USART1_SendString)
    i.__ARM_fpclassify                       0x08001514   Section        0  fpclassify.o(i.__ARM_fpclassify)
    i._is_digit                              0x0800153c   Section        0  __printf_wp.o(i._is_digit)
    i.delay_ms                               0x0800154c   Section        0  main.o(i.delay_ms)
    i.main                                   0x08001578   Section        0  main.o(i.main)
    locale$$code                             0x08001680   Section       44  lc_numeric_c.o(locale$$code)
    x$fpl$dretinf                            0x080016ac   Section       12  dretinf.o(x$fpl$dretinf)
    x$fpl$f2d                                0x080016b8   Section       86  f2d.o(x$fpl$f2d)
    x$fpl$fdiv                               0x08001710   Section      388  fdiv.o(x$fpl$fdiv)
    _fdiv1                                   0x08001711   Thumb Code     0  fdiv.o(x$fpl$fdiv)
    x$fpl$ffltu                              0x08001894   Section       38  fflt_clz.o(x$fpl$ffltu)
    x$fpl$fmul                               0x080018bc   Section      258  fmul.o(x$fpl$fmul)
    x$fpl$fnaninf                            0x080019be   Section      140  fnaninf.o(x$fpl$fnaninf)
    x$fpl$fretinf                            0x08001a4a   Section       10  fretinf.o(x$fpl$fretinf)
    x$fpl$printf1                            0x08001a54   Section        4  printf1.o(x$fpl$printf1)
    .constdata                               0x08001a58   Section      148  bigflt0.o(.constdata)
    x$fpl$usenofp                            0x08001a58   Section        0  usenofp.o(x$fpl$usenofp)
    tenpwrs_x                                0x08001a58   Data          60  bigflt0.o(.constdata)
    tenpwrs_i                                0x08001a94   Data          64  bigflt0.o(.constdata)
    .conststring                             0x08001aec   Section       67  main.o(.conststring)
    locale$$data                             0x08001b50   Section       28  lc_numeric_c.o(locale$$data)
    __lcnum_c_name                           0x08001b54   Data           2  lc_numeric_c.o(locale$$data)
    __lcnum_c_start                          0x08001b5c   Data           0  lc_numeric_c.o(locale$$data)
    __lcnum_c_point                          0x08001b68   Data           0  lc_numeric_c.o(locale$$data)
    __lcnum_c_thousands                      0x08001b6a   Data           0  lc_numeric_c.o(locale$$data)
    __lcnum_c_grouping                       0x08001b6b   Data           0  lc_numeric_c.o(locale$$data)
    __lcnum_c_end                            0x08001b6c   Data           0  lc_numeric_c.o(locale$$data)
    .data                                    0x20000000   Section       18  main.o(.data)
    .bss                                     0x20000014   Section       65  main.o(.bss)
    .bss                                     0x20000058   Section       96  libspace.o(.bss)
    HEAP                                     0x200000b8   Section      512  startup_stm32f10x_md.o(HEAP)
    Heap_Mem                                 0x200000b8   Data         512  startup_stm32f10x_md.o(HEAP)
    STACK                                    0x200002b8   Section     1024  startup_stm32f10x_md.o(STACK)
    Stack_Mem                                0x200002b8   Data        1024  startup_stm32f10x_md.o(STACK)
    __initial_sp                             0x200006b8   Data           0  startup_stm32f10x_md.o(STACK)

    Global Symbols

    Symbol Name                              Value     Ov Type        Size  Object(Section)

    BuildAttributes$$THM_ISAv4$P$D$K$B$S$PE$A:L22UL41UL21$X:L11$S22US41US21$IEEE1$IW$USESV6$~STKCKD$USESV7$~SHL$OTIME$ROPI$IEEEJ$EBA8$UX$STANDARDLIB$REQ8$PRES8$EABIv2 0x00000000   Number         0  anon$$obj.o ABSOLUTE
    __ARM_use_no_argv                        0x00000000   Number         0  main.o ABSOLUTE
    _printf_flags                            0x00000000   Number         0  printf_stubs.o ABSOLUTE
    _printf_return_value                     0x00000000   Number         0  printf_stubs.o ABSOLUTE
    _printf_sizespec                         0x00000000   Number         0  printf_stubs.o ABSOLUTE
    _printf_widthprec                        0x00000000   Number         0  printf_stubs.o ABSOLUTE
    __ARM_exceptions_init                     - Undefined Weak Reference
    __alloca_initialize                       - Undefined Weak Reference
    __arm_fini_                               - Undefined Weak Reference
    __arm_preinit_                            - Undefined Weak Reference
    __cpp_initialize__aeabi_                  - Undefined Weak Reference
    __cxa_finalize                            - Undefined Weak Reference
    __sigvec_lookup                           - Undefined Weak Reference
    _atexit_init                              - Undefined Weak Reference
    _call_atexit_fns                          - Undefined Weak Reference
    _clock_init                               - Undefined Weak Reference
    _fp_trap_init                             - Undefined Weak Reference
    _fp_trap_shutdown                         - Undefined Weak Reference
    _get_lc_collate                           - Undefined Weak Reference
    _get_lc_ctype                             - Undefined Weak Reference
    _get_lc_monetary                          - Undefined Weak Reference
    _get_lc_time                              - Undefined Weak Reference
    _getenv_init                              - Undefined Weak Reference
    _handle_redirection                       - Undefined Weak Reference
    _init_alloc                               - Undefined Weak Reference
    _init_user_alloc                          - Undefined Weak Reference
    _initio                                   - Undefined Weak Reference
    _printf_post_padding                      - Undefined Weak Reference
    _printf_pre_padding                       - Undefined Weak Reference
    _rand_init                                - Undefined Weak Reference
    _signal_finish                            - Undefined Weak Reference
    _signal_init                              - Undefined Weak Reference
    _terminate_alloc                          - Undefined Weak Reference
    _terminate_user_alloc                     - Undefined Weak Reference
    _terminateio                              - Undefined Weak Reference
    __Vectors_Size                           0x000000ec   Number         0  startup_stm32f10x_md.o ABSOLUTE
    __Vectors                                0x08000000   Data           4  startup_stm32f10x_md.o(RESET)
    __Vectors_End                            0x080000ec   Data           0  startup_stm32f10x_md.o(RESET)
    __main                                   0x080000ed   Thumb Code     8  __main.o(!!!main)
    __scatterload                            0x080000f5   Thumb Code     0  __scatter.o(!!!scatter)
    __scatterload_rt2                        0x080000f5   Thumb Code    44  __scatter.o(!!!scatter)
    __scatterload_rt2_thumb_only             0x080000f5   Thumb Code     0  __scatter.o(!!!scatter)
    __scatterload_null                       0x08000103   Thumb Code     0  __scatter.o(!!!scatter)
    __scatterload_copy                       0x08000129   Thumb Code    26  __scatter_copy.o(!!handler_copy)
    __scatterload_zeroinit                   0x08000145   Thumb Code    28  __scatter_zi.o(!!handler_zi)
    _printf_f                                0x08000161   Thumb Code     0  _printf_f.o(.ARM.Collect$$_printf_percent$$00000003)
    _printf_percent                          0x08000161   Thumb Code     0  _printf_percent.o(.ARM.Collect$$_printf_percent$$00000000)
    _printf_percent_end                      0x08000167   Thumb Code     0  _printf_percent_end.o(.ARM.Collect$$_printf_percent$$00000017)
    __rt_lib_init                            0x0800016b   Thumb Code     0  libinit.o(.ARM.Collect$$libinit$$00000000)
    __rt_lib_init_fp_1                       0x0800016d   Thumb Code     0  libinit2.o(.ARM.Collect$$libinit$$00000002)
    __rt_lib_init_heap_1                     0x0800016d   Thumb Code     0  libinit2.o(.ARM.Collect$$libinit$$0000000A)
    __rt_lib_init_lc_common                  0x0800016d   Thumb Code     0  libinit2.o(.ARM.Collect$$libinit$$0000000F)
    __rt_lib_init_preinit_1                  0x0800016d   Thumb Code     0  libinit2.o(.ARM.Collect$$libinit$$00000004)
    __rt_lib_init_rand_1                     0x0800016d   Thumb Code     0  libinit2.o(.ARM.Collect$$libinit$$0000000E)
    __rt_lib_init_user_alloc_1               0x0800016d   Thumb Code     0  libinit2.o(.ARM.Collect$$libinit$$0000000C)
    __rt_lib_init_lc_collate_1               0x08000173   Thumb Code     0  libinit2.o(.ARM.Collect$$libinit$$00000011)
    __rt_lib_init_lc_ctype_1                 0x08000173   Thumb Code     0  libinit2.o(.ARM.Collect$$libinit$$00000013)
    __rt_lib_init_lc_monetary_1              0x08000173   Thumb Code     0  libinit2.o(.ARM.Collect$$libinit$$00000015)
    __rt_lib_init_lc_numeric_2               0x08000173   Thumb Code     0  libinit2.o(.ARM.Collect$$libinit$$00000016)
    __rt_lib_init_alloca_1                   0x0800017d   Thumb Code     0  libinit2.o(.ARM.Collect$$libinit$$0000002E)
    __rt_lib_init_argv_1                     0x0800017d   Thumb Code     0  libinit2.o(.ARM.Collect$$libinit$$0000002C)
    __rt_lib_init_atexit_1                   0x0800017d   Thumb Code     0  libinit2.o(.ARM.Collect$$libinit$$0000001B)
    __rt_lib_init_clock_1                    0x0800017d   Thumb Code     0  libinit2.o(.ARM.Collect$$libinit$$00000021)
    __rt_lib_init_cpp_1                      0x0800017d   Thumb Code     0  libinit2.o(.ARM.Collect$$libinit$$00000032)
    __rt_lib_init_exceptions_1               0x0800017d   Thumb Code     0  libinit2.o(.ARM.Collect$$libinit$$00000030)
    __rt_lib_init_fp_trap_1                  0x0800017d   Thumb Code     0  libinit2.o(.ARM.Collect$$libinit$$0000001F)
    __rt_lib_init_getenv_1                   0x0800017d   Thumb Code     0  libinit2.o(.ARM.Collect$$libinit$$00000023)
    __rt_lib_init_lc_numeric_1               0x0800017d   Thumb Code     0  libinit2.o(.ARM.Collect$$libinit$$00000017)
    __rt_lib_init_lc_time_1                  0x0800017d   Thumb Code     0  libinit2.o(.ARM.Collect$$libinit$$00000019)
    __rt_lib_init_return                     0x0800017d   Thumb Code     0  libinit2.o(.ARM.Collect$$libinit$$00000033)
    __rt_lib_init_signal_1                   0x0800017d   Thumb Code     0  libinit2.o(.ARM.Collect$$libinit$$0000001D)
    __rt_lib_init_stdio_1                    0x0800017d   Thumb Code     0  libinit2.o(.ARM.Collect$$libinit$$00000025)
    __rt_lib_shutdown                        0x0800017f   Thumb Code     0  libshutdown.o(.ARM.Collect$$libshutdown$$00000000)
    __rt_lib_shutdown_cpp_1                  0x08000181   Thumb Code     0  libshutdown2.o(.ARM.Collect$$libshutdown$$00000004)
    __rt_lib_shutdown_fini_1                 0x08000181   Thumb Code     0  libshutdown2.o(.ARM.Collect$$libshutdown$$00000002)
    __rt_lib_shutdown_fp_trap_1              0x08000181   Thumb Code     0  libshutdown2.o(.ARM.Collect$$libshutdown$$00000009)
    __rt_lib_shutdown_heap_1                 0x08000181   Thumb Code     0  libshutdown2.o(.ARM.Collect$$libshutdown$$00000011)
    __rt_lib_shutdown_return                 0x08000181   Thumb Code     0  libshutdown2.o(.ARM.Collect$$libshutdown$$00000012)
    __rt_lib_shutdown_signal_1               0x08000181   Thumb Code     0  libshutdown2.o(.ARM.Collect$$libshutdown$$0000000C)
    __rt_lib_shutdown_stdio_1                0x08000181   Thumb Code     0  libshutdown2.o(.ARM.Collect$$libshutdown$$00000006)
    __rt_lib_shutdown_user_alloc_1           0x08000181   Thumb Code     0  libshutdown2.o(.ARM.Collect$$libshutdown$$0000000E)
    __rt_entry                               0x08000183   Thumb Code     0  __rtentry.o(.ARM.Collect$$rtentry$$00000000)
    __rt_entry_presh_1                       0x08000183   Thumb Code     0  __rtentry2.o(.ARM.Collect$$rtentry$$00000002)
    __rt_entry_sh                            0x08000183   Thumb Code     0  __rtentry4.o(.ARM.Collect$$rtentry$$00000004)
    __rt_entry_li                            0x08000189   Thumb Code     0  __rtentry2.o(.ARM.Collect$$rtentry$$0000000A)
    __rt_entry_postsh_1                      0x08000189   Thumb Code     0  __rtentry2.o(.ARM.Collect$$rtentry$$00000009)
    __rt_entry_main                          0x0800018d   Thumb Code     0  __rtentry2.o(.ARM.Collect$$rtentry$$0000000D)
    __rt_entry_postli_1                      0x0800018d   Thumb Code     0  __rtentry2.o(.ARM.Collect$$rtentry$$0000000C)
    __rt_exit                                0x08000195   Thumb Code     0  rtexit.o(.ARM.Collect$$rtexit$$00000000)
    __rt_exit_ls                             0x08000197   Thumb Code     0  rtexit2.o(.ARM.Collect$$rtexit$$00000003)
    __rt_exit_prels_1                        0x08000197   Thumb Code     0  rtexit2.o(.ARM.Collect$$rtexit$$00000002)
    __rt_exit_exit                           0x0800019b   Thumb Code     0  rtexit2.o(.ARM.Collect$$rtexit$$00000004)
    Reset_Handler                            0x080001a1   Thumb Code     8  startup_stm32f10x_md.o(.text)
    NMI_Handler                              0x080001a9   Thumb Code     2  startup_stm32f10x_md.o(.text)
    HardFault_Handler                        0x080001ab   Thumb Code     2  startup_stm32f10x_md.o(.text)
    MemManage_Handler                        0x080001ad   Thumb Code     2  startup_stm32f10x_md.o(.text)
    BusFault_Handler                         0x080001af   Thumb Code     2  startup_stm32f10x_md.o(.text)
    UsageFault_Handler                       0x080001b1   Thumb Code     2  startup_stm32f10x_md.o(.text)
    SVC_Handler                              0x080001b3   Thumb Code     2  startup_stm32f10x_md.o(.text)
    DebugMon_Handler                         0x080001b5   Thumb Code     2  startup_stm32f10x_md.o(.text)
    PendSV_Handler                           0x080001b7   Thumb Code     2  startup_stm32f10x_md.o(.text)
    ADC1_2_IRQHandler                        0x080001bb   Thumb Code     0  startup_stm32f10x_md.o(.text)
    CAN1_RX1_IRQHandler                      0x080001bb   Thumb Code     0  startup_stm32f10x_md.o(.text)
    CAN1_SCE_IRQHandler                      0x080001bb   Thumb Code     0  startup_stm32f10x_md.o(.text)
    DMA1_Channel1_IRQHandler                 0x080001bb   Thumb Code     0  startup_stm32f10x_md.o(.text)
    DMA1_Channel2_IRQHandler                 0x080001bb   Thumb Code     0  startup_stm32f10x_md.o(.text)
    DMA1_Channel3_IRQHandler                 0x080001bb   Thumb Code     0  startup_stm32f10x_md.o(.text)
    DMA1_Channel4_IRQHandler                 0x080001bb   Thumb Code     0  startup_stm32f10x_md.o(.text)
    DMA1_Channel5_IRQHandler                 0x080001bb   Thumb Code     0  startup_stm32f10x_md.o(.text)
    DMA1_Channel6_IRQHandler                 0x080001bb   Thumb Code     0  startup_stm32f10x_md.o(.text)
    DMA1_Channel7_IRQHandler                 0x080001bb   Thumb Code     0  startup_stm32f10x_md.o(.text)
    EXTI0_IRQHandler                         0x080001bb   Thumb Code     0  startup_stm32f10x_md.o(.text)
    EXTI15_10_IRQHandler                     0x080001bb   Thumb Code     0  startup_stm32f10x_md.o(.text)
    EXTI1_IRQHandler                         0x080001bb   Thumb Code     0  startup_stm32f10x_md.o(.text)
    EXTI2_IRQHandler                         0x080001bb   Thumb Code     0  startup_stm32f10x_md.o(.text)
    EXTI3_IRQHandler                         0x080001bb   Thumb Code     0  startup_stm32f10x_md.o(.text)
    EXTI4_IRQHandler                         0x080001bb   Thumb Code     0  startup_stm32f10x_md.o(.text)
    EXTI9_5_IRQHandler                       0x080001bb   Thumb Code     0  startup_stm32f10x_md.o(.text)
    FLASH_IRQHandler                         0x080001bb   Thumb Code     0  startup_stm32f10x_md.o(.text)
    I2C1_ER_IRQHandler                       0x080001bb   Thumb Code     0  startup_stm32f10x_md.o(.text)
    I2C1_EV_IRQHandler                       0x080001bb   Thumb Code     0  startup_stm32f10x_md.o(.text)
    I2C2_ER_IRQHandler                       0x080001bb   Thumb Code     0  startup_stm32f10x_md.o(.text)
    I2C2_EV_IRQHandler                       0x080001bb   Thumb Code     0  startup_stm32f10x_md.o(.text)
    PVD_IRQHandler                           0x080001bb   Thumb Code     0  startup_stm32f10x_md.o(.text)
    RCC_IRQHandler                           0x080001bb   Thumb Code     0  startup_stm32f10x_md.o(.text)
    RTCAlarm_IRQHandler                      0x080001bb   Thumb Code     0  startup_stm32f10x_md.o(.text)
    RTC_IRQHandler                           0x080001bb   Thumb Code     0  startup_stm32f10x_md.o(.text)
    SPI1_IRQHandler                          0x080001bb   Thumb Code     0  startup_stm32f10x_md.o(.text)
    SPI2_IRQHandler                          0x080001bb   Thumb Code     0  startup_stm32f10x_md.o(.text)
    TAMPER_IRQHandler                        0x080001bb   Thumb Code     0  startup_stm32f10x_md.o(.text)
    TIM1_BRK_IRQHandler                      0x080001bb   Thumb Code     0  startup_stm32f10x_md.o(.text)
    TIM1_CC_IRQHandler                       0x080001bb   Thumb Code     0  startup_stm32f10x_md.o(.text)
    TIM1_TRG_COM_IRQHandler                  0x080001bb   Thumb Code     0  startup_stm32f10x_md.o(.text)
    TIM1_UP_IRQHandler                       0x080001bb   Thumb Code     0  startup_stm32f10x_md.o(.text)
    TIM2_IRQHandler                          0x080001bb   Thumb Code     0  startup_stm32f10x_md.o(.text)
    TIM3_IRQHandler                          0x080001bb   Thumb Code     0  startup_stm32f10x_md.o(.text)
    TIM4_IRQHandler                          0x080001bb   Thumb Code     0  startup_stm32f10x_md.o(.text)
    USART1_IRQHandler                        0x080001bb   Thumb Code     0  startup_stm32f10x_md.o(.text)
    USART2_IRQHandler                        0x080001bb   Thumb Code     0  startup_stm32f10x_md.o(.text)
    USART3_IRQHandler                        0x080001bb   Thumb Code     0  startup_stm32f10x_md.o(.text)
    USBWakeUp_IRQHandler                     0x080001bb   Thumb Code     0  startup_stm32f10x_md.o(.text)
    USB_HP_CAN1_TX_IRQHandler                0x080001bb   Thumb Code     0  startup_stm32f10x_md.o(.text)
    USB_LP_CAN1_RX0_IRQHandler               0x080001bb   Thumb Code     0  startup_stm32f10x_md.o(.text)
    WWDG_IRQHandler                          0x080001bb   Thumb Code     0  startup_stm32f10x_md.o(.text)
    __user_initial_stackheap                 0x080001bd   Thumb Code     0  startup_stm32f10x_md.o(.text)
    __2snprintf                              0x080001e1   Thumb Code    48  noretval__2snprintf.o(.text)
    __printf                                 0x08000215   Thumb Code   270  __printf_wp.o(.text)
    __use_two_region_memory                  0x08000323   Thumb Code     2  heapauxi.o(.text)
    __rt_heap_escrow$2region                 0x08000325   Thumb Code     2  heapauxi.o(.text)
    __rt_heap_expand$2region                 0x08000327   Thumb Code     2  heapauxi.o(.text)
    __lib_sel_fp_printf                      0x08000329   Thumb Code     2  _printf_fp_dec.o(.text)
    _printf_fp_dec_real                      0x080004db   Thumb Code   620  _printf_fp_dec.o(.text)
    _printf_char_common                      0x08000753   Thumb Code    32  _printf_char_common.o(.text)
    _sputc                                   0x08000779   Thumb Code    10  _sputc.o(.text)
    _snputc                                  0x08000783   Thumb Code    16  _snputc.o(.text)
    __rt_locale                              0x08000795   Thumb Code     8  rt_locale_intlibspace.o(.text)
    _ll_udiv10                               0x0800079d   Thumb Code   138  lludiv10.o(.text)
    _printf_fp_infnan                        0x08000829   Thumb Code   112  _printf_fp_infnan.o(.text)
    _btod_etento                             0x080008a9   Thumb Code   224  bigflt0.o(.text)
    __user_libspace                          0x0800098d   Thumb Code     8  libspace.o(.text)
    __user_perproc_libspace                  0x0800098d   Thumb Code     0  libspace.o(.text)
    __user_perthread_libspace                0x0800098d   Thumb Code     0  libspace.o(.text)
    __user_setup_stackheap                   0x08000995   Thumb Code    74  sys_stackheap_outer.o(.text)
    exit                                     0x080009df   Thumb Code    18  exit.o(.text)
    strcmp                                   0x080009f1   Thumb Code   128  strcmpv7m.o(.text)
    _sys_exit                                0x08000a71   Thumb Code     8  sys_exit.o(.text)
    __I$use$semihosting                      0x08000a7d   Thumb Code     0  use_no_semi.o(.text)
    __use_no_semihosting_swi                 0x08000a7d   Thumb Code     2  use_no_semi.o(.text)
    __semihosting_library_function           0x08000a7f   Thumb Code     0  indicate_semi.o(.text)
    _btod_d2e                                0x08000a7f   Thumb Code    62  btod.o(CL$$btod_d2e)
    _d2e_denorm_low                          0x08000abd   Thumb Code    70  btod.o(CL$$btod_d2e_denorm_low)
    _d2e_norm_op1                            0x08000b03   Thumb Code    96  btod.o(CL$$btod_d2e_norm_op1)
    __btod_div_common                        0x08000b63   Thumb Code   696  btod.o(CL$$btod_div_common)
    _e2e                                     0x08000e9b   Thumb Code   220  btod.o(CL$$btod_e2e)
    _btod_ediv                               0x08000f77   Thumb Code    42  btod.o(CL$$btod_ediv)
    _btod_emul                               0x08000fa1   Thumb Code    42  btod.o(CL$$btod_emul)
    __btod_mult_common                       0x08000fcb   Thumb Code   580  btod.o(CL$$btod_mult_common)
    ADC1_Init                                0x08001211   Thumb Code    64  main.o(i.ADC1_Init)
    ADC1_ReadAll                             0x0800125d   Thumb Code    70  main.o(i.ADC1_ReadAll)
    GPIO_Init                                0x080012ad   Thumb Code   172  main.o(i.GPIO_Init)
    SetRCC_ClockTo72                         0x0800136d   Thumb Code   204  main.o(i.SetRCC_ClockTo72)
    SysTick_Handler                          0x08001445   Thumb Code    18  main.o(i.SysTick_Handler)
    SysTick_Init                             0x0800145d   Thumb Code    42  main.o(i.SysTick_Init)
    SystemInit                               0x0800148d   Thumb Code    78  system_stm32f10x.o(i.SystemInit)
    USART1_SendString                        0x080014ed   Thumb Code    34  main.o(i.USART1_SendString)
    __ARM_fpclassify                         0x08001515   Thumb Code    40  fpclassify.o(i.__ARM_fpclassify)
    _is_digit                                0x0800153d   Thumb Code    14  __printf_wp.o(i._is_digit)
    delay_ms                                 0x0800154d   Thumb Code    36  main.o(i.delay_ms)
    main                                     0x08001579   Thumb Code   244  main.o(i.main)
    _get_lc_numeric                          0x08001681   Thumb Code    44  lc_numeric_c.o(locale$$code)
    __fpl_dretinf                            0x080016ad   Thumb Code    12  dretinf.o(x$fpl$dretinf)
    __aeabi_f2d                              0x080016b9   Thumb Code     0  f2d.o(x$fpl$f2d)
    _f2d                                     0x080016b9   Thumb Code    86  f2d.o(x$fpl$f2d)
    __aeabi_fdiv                             0x08001711   Thumb Code     0  fdiv.o(x$fpl$fdiv)
    _fdiv                                    0x08001711   Thumb Code   384  fdiv.o(x$fpl$fdiv)
    __aeabi_ui2f                             0x08001895   Thumb Code     0  fflt_clz.o(x$fpl$ffltu)
    _ffltu                                   0x08001895   Thumb Code    38  fflt_clz.o(x$fpl$ffltu)
    __aeabi_fmul                             0x080018bd   Thumb Code     0  fmul.o(x$fpl$fmul)
    _fmul                                    0x080018bd   Thumb Code   258  fmul.o(x$fpl$fmul)
    __fpl_fnaninf                            0x080019bf   Thumb Code   140  fnaninf.o(x$fpl$fnaninf)
    __fpl_fretinf                            0x08001a4b   Thumb Code    10  fretinf.o(x$fpl$fretinf)
    _printf_fp_dec                           0x08001a55   Thumb Code     4  printf1.o(x$fpl$printf1)
    __I$use$fp                               0x08001a58   Number         0  usenofp.o(x$fpl$usenofp)
    Region$$Table$$Base                      0x08001b30   Number         0  anon$$obj.o(Region$$Table)
    Region$$Table$$Limit                     0x08001b50   Number         0  anon$$obj.o(Region$$Table)
    tmpreg                                   0x20000000   Data           4  main.o(.data)
    SysTick_CNT                              0x20000004   Data           4  main.o(.data)
    tim2_count                               0x20000008   Data           1  main.o(.data)
    adc_values                               0x2000000a   Data           8  main.o(.data)
    voltage_str                              0x20000014   Data          65  main.o(.bss)
    __libspace_start                         0x20000058   Data          96  libspace.o(.bss)
    __temporary_stack_top$libspace           0x200000b8   Data           0  libspace.o(.bss)



==============================================================================

Memory Map of the image

  Image Entry point : 0x080000ed

  Load Region LR_IROM1 (Base: 0x08000000, Size: 0x00001b80, Max: 0x00010000, ABSOLUTE)

    Execution Region ER_IROM1 (Exec base: 0x08000000, Load base: 0x08000000, Size: 0x00001b6c, Max: 0x00010000, ABSOLUTE)

    Exec Addr    Load Addr    Size         Type   Attr      Idx    E Section Name        Object

    0x08000000   0x08000000   0x000000ec   Data   RO          116    RESET               startup_stm32f10x_md.o
    0x080000ec   0x080000ec   0x00000008   Code   RO          194  * !!!main             c_w.l(__main.o)
    0x080000f4   0x080000f4   0x00000034   Code   RO          430    !!!scatter          c_w.l(__scatter.o)
    0x08000128   0x08000128   0x0000001a   Code   RO          432    !!handler_copy      c_w.l(__scatter_copy.o)
    0x08000142   0x08000142   0x00000002   PAD
    0x08000144   0x08000144   0x0000001c   Code   RO          434    !!handler_zi        c_w.l(__scatter_zi.o)
    0x08000160   0x08000160   0x00000000   Code   RO          191    .ARM.Collect$$_printf_percent$$00000000  c_w.l(_printf_percent.o)
    0x08000160   0x08000160   0x00000006   Code   RO          190    .ARM.Collect$$_printf_percent$$00000003  c_w.l(_printf_f.o)
    0x08000166   0x08000166   0x00000004   Code   RO          221    .ARM.Collect$$_printf_percent$$00000017  c_w.l(_printf_percent_end.o)
    0x0800016a   0x0800016a   0x00000002   Code   RO          301    .ARM.Collect$$libinit$$00000000  c_w.l(libinit.o)
    0x0800016c   0x0800016c   0x00000000   Code   RO          303    .ARM.Collect$$libinit$$00000002  c_w.l(libinit2.o)
    0x0800016c   0x0800016c   0x00000000   Code   RO          305    .ARM.Collect$$libinit$$00000004  c_w.l(libinit2.o)
    0x0800016c   0x0800016c   0x00000000   Code   RO          308    .ARM.Collect$$libinit$$0000000A  c_w.l(libinit2.o)
    0x0800016c   0x0800016c   0x00000000   Code   RO          310    .ARM.Collect$$libinit$$0000000C  c_w.l(libinit2.o)
    0x0800016c   0x0800016c   0x00000000   Code   RO          312    .ARM.Collect$$libinit$$0000000E  c_w.l(libinit2.o)
    0x0800016c   0x0800016c   0x00000006   Code   RO          313    .ARM.Collect$$libinit$$0000000F  c_w.l(libinit2.o)
    0x08000172   0x08000172   0x00000000   Code   RO          315    .ARM.Collect$$libinit$$00000011  c_w.l(libinit2.o)
    0x08000172   0x08000172   0x00000000   Code   RO          317    .ARM.Collect$$libinit$$00000013  c_w.l(libinit2.o)
    0x08000172   0x08000172   0x00000000   Code   RO          319    .ARM.Collect$$libinit$$00000015  c_w.l(libinit2.o)
    0x08000172   0x08000172   0x0000000a   Code   RO          320    .ARM.Collect$$libinit$$00000016  c_w.l(libinit2.o)
    0x0800017c   0x0800017c   0x00000000   Code   RO          321    .ARM.Collect$$libinit$$00000017  c_w.l(libinit2.o)
    0x0800017c   0x0800017c   0x00000000   Code   RO          323    .ARM.Collect$$libinit$$00000019  c_w.l(libinit2.o)
    0x0800017c   0x0800017c   0x00000000   Code   RO          325    .ARM.Collect$$libinit$$0000001B  c_w.l(libinit2.o)
    0x0800017c   0x0800017c   0x00000000   Code   RO          327    .ARM.Collect$$libinit$$0000001D  c_w.l(libinit2.o)
    0x0800017c   0x0800017c   0x00000000   Code   RO          329    .ARM.Collect$$libinit$$0000001F  c_w.l(libinit2.o)
    0x0800017c   0x0800017c   0x00000000   Code   RO          331    .ARM.Collect$$libinit$$00000021  c_w.l(libinit2.o)
    0x0800017c   0x0800017c   0x00000000   Code   RO          333    .ARM.Collect$$libinit$$00000023  c_w.l(libinit2.o)
    0x0800017c   0x0800017c   0x00000000   Code   RO          335    .ARM.Collect$$libinit$$00000025  c_w.l(libinit2.o)
    0x0800017c   0x0800017c   0x00000000   Code   RO          339    .ARM.Collect$$libinit$$0000002C  c_w.l(libinit2.o)
    0x0800017c   0x0800017c   0x00000000   Code   RO          341    .ARM.Collect$$libinit$$0000002E  c_w.l(libinit2.o)
    0x0800017c   0x0800017c   0x00000000   Code   RO          343    .ARM.Collect$$libinit$$00000030  c_w.l(libinit2.o)
    0x0800017c   0x0800017c   0x00000000   Code   RO          345    .ARM.Collect$$libinit$$00000032  c_w.l(libinit2.o)
    0x0800017c   0x0800017c   0x00000002   Code   RO          346    .ARM.Collect$$libinit$$00000033  c_w.l(libinit2.o)
    0x0800017e   0x0800017e   0x00000002   Code   RO          376    .ARM.Collect$$libshutdown$$00000000  c_w.l(libshutdown.o)
    0x08000180   0x08000180   0x00000000   Code   RO          387    .ARM.Collect$$libshutdown$$00000002  c_w.l(libshutdown2.o)
    0x08000180   0x08000180   0x00000000   Code   RO          389    .ARM.Collect$$libshutdown$$00000004  c_w.l(libshutdown2.o)
    0x08000180   0x08000180   0x00000000   Code   RO          391    .ARM.Collect$$libshutdown$$00000006  c_w.l(libshutdown2.o)
    0x08000180   0x08000180   0x00000000   Code   RO          394    .ARM.Collect$$libshutdown$$00000009  c_w.l(libshutdown2.o)
    0x08000180   0x08000180   0x00000000   Code   RO          397    .ARM.Collect$$libshutdown$$0000000C  c_w.l(libshutdown2.o)
    0x08000180   0x08000180   0x00000000   Code   RO          399    .ARM.Collect$$libshutdown$$0000000E  c_w.l(libshutdown2.o)
    0x08000180   0x08000180   0x00000000   Code   RO          402    .ARM.Collect$$libshutdown$$00000011  c_w.l(libshutdown2.o)
    0x08000180   0x08000180   0x00000002   Code   RO          403    .ARM.Collect$$libshutdown$$00000012  c_w.l(libshutdown2.o)
    0x08000182   0x08000182   0x00000000   Code   RO          212    .ARM.Collect$$rtentry$$00000000  c_w.l(__rtentry.o)
    0x08000182   0x08000182   0x00000000   Code   RO          230    .ARM.Collect$$rtentry$$00000002  c_w.l(__rtentry2.o)
    0x08000182   0x08000182   0x00000006   Code   RO          242    .ARM.Collect$$rtentry$$00000004  c_w.l(__rtentry4.o)
    0x08000188   0x08000188   0x00000000   Code   RO          232    .ARM.Collect$$rtentry$$00000009  c_w.l(__rtentry2.o)
    0x08000188   0x08000188   0x00000004   Code   RO          233    .ARM.Collect$$rtentry$$0000000A  c_w.l(__rtentry2.o)
    0x0800018c   0x0800018c   0x00000000   Code   RO          235    .ARM.Collect$$rtentry$$0000000C  c_w.l(__rtentry2.o)
    0x0800018c   0x0800018c   0x00000008   Code   RO          236    .ARM.Collect$$rtentry$$0000000D  c_w.l(__rtentry2.o)
    0x08000194   0x08000194   0x00000002   Code   RO          347    .ARM.Collect$$rtexit$$00000000  c_w.l(rtexit.o)
    0x08000196   0x08000196   0x00000000   Code   RO          354    .ARM.Collect$$rtexit$$00000002  c_w.l(rtexit2.o)
    0x08000196   0x08000196   0x00000004   Code   RO          355    .ARM.Collect$$rtexit$$00000003  c_w.l(rtexit2.o)
    0x0800019a   0x0800019a   0x00000006   Code   RO          356    .ARM.Collect$$rtexit$$00000004  c_w.l(rtexit2.o)
    0x080001a0   0x080001a0   0x00000040   Code   RO          117    .text               startup_stm32f10x_md.o
    0x080001e0   0x080001e0   0x00000034   Code   RO          166    .text               c_w.l(noretval__2snprintf.o)
    0x08000214   0x08000214   0x0000010e   Code   RO          178    .text               c_w.l(__printf_wp.o)
    0x08000322   0x08000322   0x00000006   Code   RO          192    .text               c_w.l(heapauxi.o)
    0x08000328   0x08000328   0x0000041e   Code   RO          213    .text               c_w.l(_printf_fp_dec.o)
    0x08000746   0x08000746   0x00000002   PAD
    0x08000748   0x08000748   0x00000030   Code   RO          215    .text               c_w.l(_printf_char_common.o)
    0x08000778   0x08000778   0x0000000a   Code   RO          217    .text               c_w.l(_sputc.o)
    0x08000782   0x08000782   0x00000010   Code   RO          219    .text               c_w.l(_snputc.o)
    0x08000792   0x08000792   0x00000002   PAD
    0x08000794   0x08000794   0x00000008   Code   RO          247    .text               c_w.l(rt_locale_intlibspace.o)
    0x0800079c   0x0800079c   0x0000008a   Code   RO          249    .text               c_w.l(lludiv10.o)
    0x08000826   0x08000826   0x00000002   PAD
    0x08000828   0x08000828   0x00000080   Code   RO          251    .text               c_w.l(_printf_fp_infnan.o)
    0x080008a8   0x080008a8   0x000000e4   Code   RO          255    .text               c_w.l(bigflt0.o)
    0x0800098c   0x0800098c   0x00000008   Code   RO          287    .text               c_w.l(libspace.o)
    0x08000994   0x08000994   0x0000004a   Code   RO          290    .text               c_w.l(sys_stackheap_outer.o)
    0x080009de   0x080009de   0x00000012   Code   RO          292    .text               c_w.l(exit.o)
    0x080009f0   0x080009f0   0x00000080   Code   RO          294    .text               c_w.l(strcmpv7m.o)
    0x08000a70   0x08000a70   0x0000000c   Code   RO          366    .text               c_w.l(sys_exit.o)
    0x08000a7c   0x08000a7c   0x00000002   Code   RO          377    .text               c_w.l(use_no_semi.o)
    0x08000a7e   0x08000a7e   0x00000000   Code   RO          379    .text               c_w.l(indicate_semi.o)
    0x08000a7e   0x08000a7e   0x0000003e   Code   RO          258    CL$$btod_d2e        c_w.l(btod.o)
    0x08000abc   0x08000abc   0x00000046   Code   RO          260    CL$$btod_d2e_denorm_low  c_w.l(btod.o)
    0x08000b02   0x08000b02   0x00000060   Code   RO          259    CL$$btod_d2e_norm_op1  c_w.l(btod.o)
    0x08000b62   0x08000b62   0x00000338   Code   RO          268    CL$$btod_div_common  c_w.l(btod.o)
    0x08000e9a   0x08000e9a   0x000000dc   Code   RO          265    CL$$btod_e2e        c_w.l(btod.o)
    0x08000f76   0x08000f76   0x0000002a   Code   RO          262    CL$$btod_ediv       c_w.l(btod.o)
    0x08000fa0   0x08000fa0   0x0000002a   Code   RO          261    CL$$btod_emul       c_w.l(btod.o)
    0x08000fca   0x08000fca   0x00000244   Code   RO          267    CL$$btod_mult_common  c_w.l(btod.o)
    0x0800120e   0x0800120e   0x00000002   PAD
    0x08001210   0x08001210   0x0000004c   Code   RO            4    i.ADC1_Init         main.o
    0x0800125c   0x0800125c   0x00000050   Code   RO            5    i.ADC1_ReadAll      main.o
    0x080012ac   0x080012ac   0x000000c0   Code   RO            6    i.GPIO_Init         main.o
    0x0800136c   0x0800136c   0x000000d4   Code   RO            7    i.SetRCC_ClockTo72  main.o
    0x08001440   0x08001440   0x00000002   Code   RO          124    i.SetSysClock       system_stm32f10x.o
    0x08001442   0x08001442   0x00000002   PAD
    0x08001444   0x08001444   0x00000018   Code   RO            8    i.SysTick_Handler   main.o
    0x0800145c   0x0800145c   0x00000030   Code   RO            9    i.SysTick_Init      main.o
    0x0800148c   0x0800148c   0x00000060   Code   RO          126    i.SystemInit        system_stm32f10x.o
    0x080014ec   0x080014ec   0x00000028   Code   RO           10    i.USART1_SendString  main.o
    0x08001514   0x08001514   0x00000028   Code   RO          285    i.__ARM_fpclassify  m_ws.l(fpclassify.o)
    0x0800153c   0x0800153c   0x0000000e   Code   RO          180    i._is_digit         c_w.l(__printf_wp.o)
    0x0800154a   0x0800154a   0x00000002   PAD
    0x0800154c   0x0800154c   0x0000002c   Code   RO           11    i.delay_ms          main.o
    0x08001578   0x08001578   0x00000108   Code   RO           12    i.main              main.o
    0x08001680   0x08001680   0x0000002c   Code   RO          281    locale$$code        c_w.l(lc_numeric_c.o)
    0x080016ac   0x080016ac   0x0000000c   Code   RO          222    x$fpl$dretinf       fz_ws.l(dretinf.o)
    0x080016b8   0x080016b8   0x00000056   Code   RO          196    x$fpl$f2d           fz_ws.l(f2d.o)
    0x0800170e   0x0800170e   0x00000002   PAD
    0x08001710   0x08001710   0x00000184   Code   RO          199    x$fpl$fdiv          fz_ws.l(fdiv.o)
    0x08001894   0x08001894   0x00000026   Code   RO          202    x$fpl$ffltu         fz_ws.l(fflt_clz.o)
    0x080018ba   0x080018ba   0x00000002   PAD
    0x080018bc   0x080018bc   0x00000102   Code   RO          208    x$fpl$fmul          fz_ws.l(fmul.o)
    0x080019be   0x080019be   0x0000008c   Code   RO          224    x$fpl$fnaninf       fz_ws.l(fnaninf.o)
    0x08001a4a   0x08001a4a   0x0000000a   Code   RO          226    x$fpl$fretinf       fz_ws.l(fretinf.o)
    0x08001a54   0x08001a54   0x00000004   Code   RO          210    x$fpl$printf1       fz_ws.l(printf1.o)
    0x08001a58   0x08001a58   0x00000000   Code   RO          228    x$fpl$usenofp       fz_ws.l(usenofp.o)
    0x08001a58   0x08001a58   0x00000094   Data   RO          256    .constdata          c_w.l(bigflt0.o)
    0x08001aec   0x08001aec   0x00000043   Data   RO           14    .conststring        main.o
    0x08001b2f   0x08001b2f   0x00000001   PAD
    0x08001b30   0x08001b30   0x00000020   Data   RO          428    Region$$Table       anon$$obj.o
    0x08001b50   0x08001b50   0x0000001c   Data   RO          280    locale$$data        c_w.l(lc_numeric_c.o)


    Execution Region RW_IRAM1 (Exec base: 0x20000000, Load base: 0x08001b6c, Size: 0x000006b8, Max: 0x00005000, ABSOLUTE)

    Exec Addr    Load Addr    Size         Type   Attr      Idx    E Section Name        Object

    0x20000000   0x08001b6c   0x00000012   Data   RW           15    .data               main.o
    0x20000012   0x08001b7e   0x00000002   PAD
    0x20000014        -       0x00000041   Zero   RW           13    .bss                main.o
    0x20000055   0x08001b7e   0x00000003   PAD
    0x20000058        -       0x00000060   Zero   RW          288    .bss                c_w.l(libspace.o)
    0x200000b8        -       0x00000200   Zero   RW          115    HEAP                startup_stm32f10x_md.o
    0x200002b8        -       0x00000400   Zero   RW          114    STACK               startup_stm32f10x_md.o


==============================================================================

Image component sizes


      Code (inc. data)   RO Data    RW Data    ZI Data      Debug   Object Name

       980         96         67         18         65       9748   main.o
        64         26        236          0       1536        808   startup_stm32f10x_md.o
        98         18          0          0          0        893   system_stm32f10x.o

    ----------------------------------------------------------------------
      1144        140        336         20       1604      11449   Object Totals
         0          0         32          0          0          0   (incl. Generated)
         2          0          1          2          3          0   (incl. Padding)

    ----------------------------------------------------------------------

      Code (inc. data)   RO Data    RW Data    ZI Data      Debug   Library Member Name

         8          0          0          0          0         68   __main.o
       284          0          0          0          0        156   __printf_wp.o
         0          0          0          0          0          0   __rtentry.o
        12          0          0          0          0          0   __rtentry2.o
         6          0          0          0          0          0   __rtentry4.o
        52          8          0          0          0          0   __scatter.o
        26          0          0          0          0          0   __scatter_copy.o
        28          0          0          0          0          0   __scatter_zi.o
        48          6          0          0          0         96   _printf_char_common.o
         6          0          0          0          0          0   _printf_f.o
      1054          0          0          0          0        216   _printf_fp_dec.o
       128         16          0          0          0         84   _printf_fp_infnan.o
         0          0          0          0          0          0   _printf_percent.o
         4          0          0          0          0          0   _printf_percent_end.o
        16          0          0          0          0         68   _snputc.o
        10          0          0          0          0         68   _sputc.o
       228          4        148          0          0         96   bigflt0.o
      1936        128          0          0          0        672   btod.o
        18          0          0          0          0         80   exit.o
         6          0          0          0          0        152   heapauxi.o
         0          0          0          0          0          0   indicate_semi.o
        44         10         28          0          0         76   lc_numeric_c.o
         2          0          0          0          0          0   libinit.o
        18          0          0          0          0          0   libinit2.o
         2          0          0          0          0          0   libshutdown.o
         2          0          0          0          0          0   libshutdown2.o
         8          4          0          0         96         68   libspace.o
       138          0          0          0          0         80   lludiv10.o
        52          4          0          0          0         84   noretval__2snprintf.o
         8          4          0          0          0         68   rt_locale_intlibspace.o
         2          0          0          0          0          0   rtexit.o
        10          0          0          0          0          0   rtexit2.o
       128          0          0          0          0         68   strcmpv7m.o
        12          4          0          0          0         68   sys_exit.o
        74          0          0          0          0         80   sys_stackheap_outer.o
         2          0          0          0          0         68   use_no_semi.o
        12          0          0          0          0         68   dretinf.o
        86          4          0          0          0         84   f2d.o
       388         76          0          0          0         96   fdiv.o
        38          0          0          0          0         68   fflt_clz.o
       258          4          0          0          0         84   fmul.o
       140          4          0          0          0         84   fnaninf.o
        10          0          0          0          0         68   fretinf.o
         4          0          0          0          0         68   printf1.o
         0          0          0          0          0          0   usenofp.o
        40          0          0          0          0         68   fpclassify.o

    ----------------------------------------------------------------------
      5364        276        176          0         96       3104   Library Totals
        16          0          0          0          0          0   (incl. Padding)

    ----------------------------------------------------------------------

      Code (inc. data)   RO Data    RW Data    ZI Data      Debug   Library Name

      4372        188        176          0         96       2416   c_w.l
       936         88          0          0          0        620   fz_ws.l
        40          0          0          0          0         68   m_ws.l

    ----------------------------------------------------------------------
      5364        276        176          0         96       3104   Library Totals

    ----------------------------------------------------------------------

==============================================================================


      Code (inc. data)   RO Data    RW Data    ZI Data      Debug   

      6508        416        512         20       1700      12365   Grand Totals
      6508        416        512         20       1700      12365   ELF Image Totals
      6508        416        512         20          0          0   ROM Totals

==============================================================================

    Total RO  Size (Code + RO Data)                 7020 (   6.86kB)
    Total RW  Size (RW Data + ZI Data)              1720 (   1.68kB)
    Total ROM Size (Code + RO Data + RW Data)       7040 (   6.88kB)

==============================================================================

